2026/05/10 12:00:53 Warning: WZOS_JWT_SECRET not set; using default JWT secret
[GIN-debug] [WARNING] Creating an Engine instance with the Logger and Recovery middleware already attached.

[GIN-debug] [WARNING] Running in "debug" mode. Switch to "release" mode in production.
 - using env:	export GIN_MODE=release
 - using code:	gin.SetMode(gin.ReleaseMode)

[GIN-debug] POST   /api/login                --> github.com/wzos/backend/api.(*AuthHandler).Login-fm (3 handlers)
[GIN-debug] GET    /api/files/list           --> github.com/wzos/backend/handlers.ListFiles (3 handlers)
[GIN-debug] GET    /api/files/favorites      --> github.com/wzos/backend/handlers.GetFavorites (3 handlers)
[GIN-debug] GET    /api/files/search         --> github.com/wzos/backend/handlers.SearchFiles (3 handlers)
[GIN-debug] POST   /api/files/delete         --> github.com/wzos/backend/handlers.DeleteFile (3 handlers)
[GIN-debug] POST   /api/files/rename         --> github.com/wzos/backend/handlers.RenameFile (3 handlers)
[GIN-debug] POST   /api/files/create         --> github.com/wzos/backend/handlers.CreateFileOrFolder (3 handlers)
[GIN-debug] POST   /api/files/copy           --> github.com/wzos/backend/handlers.CopyFileOrDir (3 handlers)
[GIN-debug] POST   /api/files/duplicate      --> github.com/wzos/backend/handlers.DuplicateFile (3 handlers)
[GIN-debug] POST   /api/files/upload         --> github.com/wzos/backend/handlers.UploadFile (3 handlers)
[GIN-debug] GET    /api/files/download       --> github.com/wzos/backend/handlers.DownloadFile (3 handlers)
[GIN-debug] GET    /api/files/view           --> github.com/wzos/backend/handlers.ViewFile (3 handlers)
[GIN-debug] GET    /api/files/diskusage      --> github.com/wzos/backend/handlers.DiskUsage (3 handlers)
[GIN-debug] POST   /api/files/favorites/add  --> github.com/wzos/backend/handlers.AddFavorite (3 handlers)
[GIN-debug] POST   /api/files/favorites/delete --> github.com/wzos/backend/handlers.DeleteFavorite (3 handlers)
[GIN-debug] POST   /api/files/trash/move     --> github.com/wzos/backend/handlers.MoveToTrash (3 handlers)
[GIN-debug] GET    /api/files/trash/list     --> github.com/wzos/backend/handlers.ListTrash (3 handlers)
[GIN-debug] POST   /api/files/trash/restore  --> github.com/wzos/backend/handlers.RestoreFromTrash (3 handlers)
[GIN-debug] POST   /api/files/trash/empty    --> github.com/wzos/backend/handlers.EmptyTrash (3 handlers)
[GIN-debug] POST   /api/files/compress       --> github.com/wzos/backend/handlers.CompressFile (3 handlers)
[GIN-debug] POST   /api/files/extract        --> github.com/wzos/backend/handlers.ExtractFile (3 handlers)
[GIN-debug] GET    /api/files/recent         --> github.com/wzos/backend/handlers.GetRecentItems (3 handlers)
[GIN-debug] POST   /api/files/recent/add     --> github.com/wzos/backend/handlers.AddRecentItem (3 handlers)
[GIN-debug] GET    /api/sysinfo/overview     --> github.com/wzos/backend/api.(*SystemInfoHandler).GetOverview-fm (4 handlers)
[GIN-debug] GET    /ws/terminal              --> github.com/wzos/backend/ws.HandleTerminalWebsocket (3 handlers)
2026/05/10 12:00:53 Backend server starting on :8080
[GIN-debug] [WARNING] You trusted all proxies, this is NOT safe. We recommend you to set a value.
Please check https://github.com/gin-gonic/gin/blob/master/docs/doc.md#dont-trust-all-proxies for details.
[GIN-debug] Listening and serving HTTP on :8080
[GIN-debug] [ERROR] listen tcp :8080: bind: address already in use
2026/05/10 12:00:53 Failed to run server: listen tcp :8080: bind: address already in use
exit status 1
